##############################
Percentage of grid cells with an increase in Rx5day over historical max:
Rx5day 2024
Any increase (any new records): 32.11 %
More than 1.5 times the hist max: 6.62 %
More than double the hist max: 0.55 %
Grid cell with max % increase: 162.15 %
##############################
##############################
Percentage of grid cells with an increase in Rx5day over historical max:
Rx5day 1997
Any increase (any new records): 11.13 %
More than 1.5 times the hist max: 0.84 %
More than double the hist max: 0.0 %
Grid cell with max % increase: 72.32 %
##############################
##############################
Percentage of grid cells with an increase in Rx5day over historical max:
Rx5day 2002
Any increase (any new records): 23.72 %
More than 1.5 times the hist max: 3.45 %
More than double the hist max: 0.05 %
Grid cell with max % increase: 109.37 %
##############################
##############################
Percentage of grid cells with an increase in Rx5day over historical max:
Rx5day 2005
Any increase (any new records): 1.47 %
More than 1.5 times the hist max: 0.0 %
More than double the hist max: 0.0 %
Grid cell with max % increase: 20.1 %
##############################
##############################
Percentage of grid cells with an increase in Rx5day over historical max:
Rx5day 2013
Any increase (any new records): 4.65 %
More than 1.5 times the hist max: 0.0 %
More than double the hist max: 0.0 %
Grid cell with max % increase: 27.07 %
##############################
